Archive member included because of file (symbol)

c:/program files (x86)/atmel/atmel studio 6.0/extensions/atmel/avrgcc/3.4.1.95/avrtoolchain/bin/../lib/gcc/avr/4.6.2/avr5\libgcc.a(_udivmodsi4.o)
                              USART.o (__udivmodsi4)
c:/program files (x86)/atmel/atmel studio 6.0/extensions/atmel/avrgcc/3.4.1.95/avrtoolchain/bin/../lib/gcc/avr/4.6.2/avr5\libgcc.a(_exit.o)
                              c:/program files (x86)/atmel/atmel studio 6.0/extensions/atmel/avrgcc/3.4.1.95/avrtoolchain/bin/../lib/gcc/avr/4.6.2/../../../../avr/lib/avr5/crtm32.o (exit)
c:/program files (x86)/atmel/atmel studio 6.0/extensions/atmel/avrgcc/3.4.1.95/avrtoolchain/bin/../lib/gcc/avr/4.6.2/avr5\libgcc.a(_copy_data.o)
                              Buttons.o (__do_copy_data)
c:/program files (x86)/atmel/atmel studio 6.0/extensions/atmel/avrgcc/3.4.1.95/avrtoolchain/bin/../lib/gcc/avr/4.6.2/avr5\libgcc.a(_clear_bss.o)
                              Buttons.o (__do_clear_bss)

Memory Configuration

Name             Origin             Length             Attributes
text             0x00000000         0x00020000         xr
data             0x00800060         0x0000ffa0         rw !x
eeprom           0x00810000         0x00010000         rw !x
fuse             0x00820000         0x00000400         rw !x
lock             0x00830000         0x00000400         rw !x
signature        0x00840000         0x00000400         rw !x
*default*        0x00000000         0xffffffff

Linker script and memory map

LOAD c:/program files (x86)/atmel/atmel studio 6.0/extensions/atmel/avrgcc/3.4.1.95/avrtoolchain/bin/../lib/gcc/avr/4.6.2/../../../../avr/lib/avr5/crtm32.o
LOAD Buttons.o
LOAD DIO.o
LOAD EEPROM.o
LOAD keypad.o
LOAD LCD.o
LOAD Control_sys.o
LOAD SPI.o
LOAD Timers.o
LOAD USART.o
START GROUP
LOAD c:/program files (x86)/atmel/atmel studio 6.0/extensions/atmel/avrgcc/3.4.1.95/avrtoolchain/bin/../lib/gcc/avr/4.6.2/../../../../avr/lib/avr5\libm.a
END GROUP
LOAD c:/program files (x86)/atmel/atmel studio 6.0/extensions/atmel/avrgcc/3.4.1.95/avrtoolchain/bin/../lib/gcc/avr/4.6.2/avr5\libgcc.a
LOAD c:/program files (x86)/atmel/atmel studio 6.0/extensions/atmel/avrgcc/3.4.1.95/avrtoolchain/bin/../lib/gcc/avr/4.6.2/../../../../avr/lib/avr5\libc.a
LOAD c:/program files (x86)/atmel/atmel studio 6.0/extensions/atmel/avrgcc/3.4.1.95/avrtoolchain/bin/../lib/gcc/avr/4.6.2/avr5\libgcc.a

.hash
 *(.hash)

.dynsym
 *(.dynsym)

.dynstr
 *(.dynstr)

.gnu.version
 *(.gnu.version)

.gnu.version_d
 *(.gnu.version_d)

.gnu.version_r
 *(.gnu.version_r)

.rel.init
 *(.rel.init)

.rela.init
 *(.rela.init)

.rel.text
 *(.rel.text)
 *(.rel.text.*)
 *(.rel.gnu.linkonce.t*)

.rela.text
 *(.rela.text)
 *(.rela.text.*)
 *(.rela.gnu.linkonce.t*)

.rel.fini
 *(.rel.fini)

.rela.fini
 *(.rela.fini)

.rel.rodata
 *(.rel.rodata)
 *(.rel.rodata.*)
 *(.rel.gnu.linkonce.r*)

.rela.rodata
 *(.rela.rodata)
 *(.rela.rodata.*)
 *(.rela.gnu.linkonce.r*)

.rel.data
 *(.rel.data)
 *(.rel.data.*)
 *(.rel.gnu.linkonce.d*)

.rela.data
 *(.rela.data)
 *(.rela.data.*)
 *(.rela.gnu.linkonce.d*)

.rel.ctors
 *(.rel.ctors)

.rela.ctors
 *(.rela.ctors)

.rel.dtors
 *(.rel.dtors)

.rela.dtors
 *(.rela.dtors)

.rel.got
 *(.rel.got)

.rela.got
 *(.rela.got)

.rel.bss
 *(.rel.bss)

.rela.bss
 *(.rela.bss)

.rel.plt
 *(.rel.plt)

.rela.plt
 *(.rela.plt)

.text           0x00000000     0x1dc6
 *(.vectors)
 .vectors       0x00000000       0x54 c:/program files (x86)/atmel/atmel studio 6.0/extensions/atmel/avrgcc/3.4.1.95/avrtoolchain/bin/../lib/gcc/avr/4.6.2/../../../../avr/lib/avr5/crtm32.o
                0x00000000                __vector_default
                0x00000000                __vectors
 *(.vectors)
 *(.progmem.gcc*)
 *(.progmem*)
                0x00000054                . = ALIGN (0x2)
                0x00000054                __trampolines_start = .
 *(.trampolines)
 .trampolines   0x00000054        0x0 linker stubs
 *(.trampolines*)
                0x00000054                __trampolines_end = .
 *(.jumptables)
 *(.jumptables*)
 *(.lowtext)
 *(.lowtext*)
                0x00000054                __ctors_start = .
 *(.ctors)
                0x00000054                __ctors_end = .
                0x00000054                __dtors_start = .
 *(.dtors)
                0x00000054                __dtors_end = .
 SORT(*)(.ctors)
 SORT(*)(.dtors)
 *(.init0)
 .init0         0x00000054        0x0 c:/program files (x86)/atmel/atmel studio 6.0/extensions/atmel/avrgcc/3.4.1.95/avrtoolchain/bin/../lib/gcc/avr/4.6.2/../../../../avr/lib/avr5/crtm32.o
                0x00000054                __init
 *(.init0)
 *(.init1)
 *(.init1)
 *(.init2)
 .init2         0x00000054        0xc c:/program files (x86)/atmel/atmel studio 6.0/extensions/atmel/avrgcc/3.4.1.95/avrtoolchain/bin/../lib/gcc/avr/4.6.2/../../../../avr/lib/avr5/crtm32.o
 *(.init2)
 *(.init3)
 *(.init3)
 *(.init4)
 .init4         0x00000060       0x16 c:/program files (x86)/atmel/atmel studio 6.0/extensions/atmel/avrgcc/3.4.1.95/avrtoolchain/bin/../lib/gcc/avr/4.6.2/avr5\libgcc.a(_copy_data.o)
                0x00000060                __do_copy_data
 .init4         0x00000076       0x10 c:/program files (x86)/atmel/atmel studio 6.0/extensions/atmel/avrgcc/3.4.1.95/avrtoolchain/bin/../lib/gcc/avr/4.6.2/avr5\libgcc.a(_clear_bss.o)
                0x00000076                __do_clear_bss
 *(.init4)
 *(.init5)
 *(.init5)
 *(.init6)
 *(.init6)
 *(.init7)
 *(.init7)
 *(.init8)
 *(.init8)
 *(.init9)
 .init9         0x00000086        0x8 c:/program files (x86)/atmel/atmel studio 6.0/extensions/atmel/avrgcc/3.4.1.95/avrtoolchain/bin/../lib/gcc/avr/4.6.2/../../../../avr/lib/avr5/crtm32.o
 *(.init9)
 *(.text)
 .text          0x0000008e        0x4 c:/program files (x86)/atmel/atmel studio 6.0/extensions/atmel/avrgcc/3.4.1.95/avrtoolchain/bin/../lib/gcc/avr/4.6.2/../../../../avr/lib/avr5/crtm32.o
                0x0000008e                __vector_12
                0x0000008e                __bad_interrupt
                0x0000008e                __vector_6
                0x0000008e                __vector_3
                0x0000008e                __vector_11
                0x0000008e                __vector_13
                0x0000008e                __vector_17
                0x0000008e                __vector_19
                0x0000008e                __vector_7
                0x0000008e                __vector_5
                0x0000008e                __vector_4
                0x0000008e                __vector_9
                0x0000008e                __vector_2
                0x0000008e                __vector_15
                0x0000008e                __vector_8
                0x0000008e                __vector_14
                0x0000008e                __vector_16
                0x0000008e                __vector_18
                0x0000008e                __vector_20
 .text          0x00000092       0x14 Buttons.o
                0x00000092                Button_vInit
                0x0000009a                Button_u8read
                0x000000a0                Button_InternalPullUp
 .text          0x000000a6      0x622 DIO.o
                0x000000a6                DIO_vsetPINDir
                0x000001c8                DIO_write
                0x000002ea                DIO_u8read
                0x000003b4                DIO_toggle
                0x0000044e                DIO_set_port_direction
                0x0000048c                DIO_write_port
                0x000004ca                DIO_read_port
                0x0000050c                DIO_vconnectpullup
                0x0000062e                DIO_write_low_nibble
                0x0000067a                DIO_write_high_nibble
 .text          0x000006c8       0x1a EEPROM.o
                0x000006c8                EEPROM_write
                0x000006d8                EEPROM_read
 .text          0x000006e2      0x108 keypad.o
                0x000006e2                keypad_vInit
                0x0000075c                keypad_u8check_press
 .text          0x000007ea      0x1d6 LCD.o
                0x000007ea                LCD_Enable
                0x00000818                LCD_vSend_cmd
                0x0000085c                LCD_vInit
                0x00000908                LCD_vSend_char
                0x0000094c                LCD_vSend_string
                0x0000096a                LCD_ClearScreen
                0x0000097e                LCD_movecursor
 .text          0x000009c0     0x1184 Control_sys.o
                0x000009c0                set_both_pass
                0x000009ca                set_guest_pass
                0x00000ae6                set_admin_pass
                0x00000c02                VInit_external_interrupt
                0x00000c18                init
                0x00000c3a                check_first_time
                0x00000c98                choose_mode
                0x00000d0a                admin
                0x00000d86                garage_close
                0x00000dce                garage_open
                0x00000e16                garage_sys
                0x00000eae                guest
                0x00000eba                set_clk
                0x0000121a                display_sys
                0x0000126e                room_sys
                0x000012f0                ac
                0x0000135e                ac_temp
                0x00001458                ac_control
                0x000014c6                ac_turnOff
                0x000014da                ac_turnOn
                0x000014ee                led3
                0x0000155c                led3_turnOff
                0x00001570                led3_turnOn
                0x00001584                led2
                0x000015f2                led2_turnOff
                0x00001606                led2_turnOn
                0x0000161a                led1
                0x00001688                led1_turnOff
                0x0000169c                led1_turnOn
                0x000016b0                blocked
                0x0000171c                sys_block
                0x0000172a                guest_login
                0x00001890                admin_login
                0x000019f6                welcome
                0x00001a38                main
                0x00001a92                __vector_1
                0x00001b1e                __vector_10
 .text          0x00001b44       0xa8 SPI.o
                0x00001b44                SPI_MasterInit
                0x00001b7e                SPI_SlaveInit
                0x00001b8e                SPI_MasterTransmitchar
                0x00001bb2                SPI_SlaveReceivechar
                0x00001bbc                SPI_MasterTransmitstring
 .text          0x00001bec      0x10c Timers.o
                0x00001bec                vInit_Timer0_NormalMode
                0x00001c18                vInit_Timer0_CTC
                0x00001c44                Timer0_NonPWM_wave
                0x00001c70                Timer0_fastPWM_wave
                0x00001c9c                Timer0_pashcorrectPWM_wave
                0x00001cc8                vInit_Timer2_NormalMode
 .text          0x00001cf8       0x86 USART.o
                0x00001cf8                UART_vInit
                0x00001d3e                UART_vSendData
                0x00001d46                UART_u8ReceiveData
                0x00001d4e                UART_vSendString
 .text          0x00001d7e        0x0 c:/program files (x86)/atmel/atmel studio 6.0/extensions/atmel/avrgcc/3.4.1.95/avrtoolchain/bin/../lib/gcc/avr/4.6.2/avr5\libgcc.a(_udivmodsi4.o)
 .text          0x00001d7e        0x0 c:/program files (x86)/atmel/atmel studio 6.0/extensions/atmel/avrgcc/3.4.1.95/avrtoolchain/bin/../lib/gcc/avr/4.6.2/avr5\libgcc.a(_exit.o)
 .text          0x00001d7e        0x0 c:/program files (x86)/atmel/atmel studio 6.0/extensions/atmel/avrgcc/3.4.1.95/avrtoolchain/bin/../lib/gcc/avr/4.6.2/avr5\libgcc.a(_copy_data.o)
 .text          0x00001d7e        0x0 c:/program files (x86)/atmel/atmel studio 6.0/extensions/atmel/avrgcc/3.4.1.95/avrtoolchain/bin/../lib/gcc/avr/4.6.2/avr5\libgcc.a(_clear_bss.o)
                0x00001d7e                . = ALIGN (0x2)
 *(.text.*)
 .text.libgcc   0x00001d7e       0x44 c:/program files (x86)/atmel/atmel studio 6.0/extensions/atmel/avrgcc/3.4.1.95/avrtoolchain/bin/../lib/gcc/avr/4.6.2/avr5\libgcc.a(_udivmodsi4.o)
                0x00001d7e                __udivmodsi4
 .text.libgcc   0x00001dc2        0x0 c:/program files (x86)/atmel/atmel studio 6.0/extensions/atmel/avrgcc/3.4.1.95/avrtoolchain/bin/../lib/gcc/avr/4.6.2/avr5\libgcc.a(_exit.o)
 .text.libgcc   0x00001dc2        0x0 c:/program files (x86)/atmel/atmel studio 6.0/extensions/atmel/avrgcc/3.4.1.95/avrtoolchain/bin/../lib/gcc/avr/4.6.2/avr5\libgcc.a(_copy_data.o)
 .text.libgcc   0x00001dc2        0x0 c:/program files (x86)/atmel/atmel studio 6.0/extensions/atmel/avrgcc/3.4.1.95/avrtoolchain/bin/../lib/gcc/avr/4.6.2/avr5\libgcc.a(_clear_bss.o)
                0x00001dc2                . = ALIGN (0x2)
 *(.fini9)
 .fini9         0x00001dc2        0x0 c:/program files (x86)/atmel/atmel studio 6.0/extensions/atmel/avrgcc/3.4.1.95/avrtoolchain/bin/../lib/gcc/avr/4.6.2/avr5\libgcc.a(_exit.o)
                0x00001dc2                _exit
                0x00001dc2                exit
 *(.fini9)
 *(.fini8)
 *(.fini8)
 *(.fini7)
 *(.fini7)
 *(.fini6)
 *(.fini6)
 *(.fini5)
 *(.fini5)
 *(.fini4)
 *(.fini4)
 *(.fini3)
 *(.fini3)
 *(.fini2)
 *(.fini2)
 *(.fini1)
 *(.fini1)
 *(.fini0)
 .fini0         0x00001dc2        0x4 c:/program files (x86)/atmel/atmel studio 6.0/extensions/atmel/avrgcc/3.4.1.95/avrtoolchain/bin/../lib/gcc/avr/4.6.2/avr5\libgcc.a(_exit.o)
 *(.fini0)
                0x00001dc6                _etext = .

.data           0x00800060      0x212 load address 0x00001dc6
                0x00800060                PROVIDE (__data_start, .)
 *(.data)
 .data          0x00800060        0x0 c:/program files (x86)/atmel/atmel studio 6.0/extensions/atmel/avrgcc/3.4.1.95/avrtoolchain/bin/../lib/gcc/avr/4.6.2/../../../../avr/lib/avr5/crtm32.o
 .data          0x00800060        0x0 Buttons.o
 .data          0x00800060        0x0 DIO.o
 .data          0x00800060        0x0 EEPROM.o
 .data          0x00800060       0x10 keypad.o
 .data          0x00800070        0x0 LCD.o
 .data          0x00800070      0x201 Control_sys.o
 .data          0x00800271        0x0 SPI.o
 .data          0x00800271        0x0 Timers.o
 .data          0x00800271        0x0 USART.o
 .data          0x00800271        0x0 c:/program files (x86)/atmel/atmel studio 6.0/extensions/atmel/avrgcc/3.4.1.95/avrtoolchain/bin/../lib/gcc/avr/4.6.2/avr5\libgcc.a(_udivmodsi4.o)
 .data          0x00800271        0x0 c:/program files (x86)/atmel/atmel studio 6.0/extensions/atmel/avrgcc/3.4.1.95/avrtoolchain/bin/../lib/gcc/avr/4.6.2/avr5\libgcc.a(_exit.o)
 .data          0x00800271        0x0 c:/program files (x86)/atmel/atmel studio 6.0/extensions/atmel/avrgcc/3.4.1.95/avrtoolchain/bin/../lib/gcc/avr/4.6.2/avr5\libgcc.a(_copy_data.o)
 .data          0x00800271        0x0 c:/program files (x86)/atmel/atmel studio 6.0/extensions/atmel/avrgcc/3.4.1.95/avrtoolchain/bin/../lib/gcc/avr/4.6.2/avr5\libgcc.a(_clear_bss.o)
 *(.data*)
 *(.rodata)
 *(.rodata*)
 *(.gnu.linkonce.d*)
                0x00800272                . = ALIGN (0x2)
 *fill*         0x00800271        0x1 00
                0x00800272                _edata = .
                0x00800272                PROVIDE (__data_end, .)

.bss            0x00800272        0x7
                0x00800272                PROVIDE (__bss_start, .)
 *(.bss)
 .bss           0x00800272        0x0 c:/program files (x86)/atmel/atmel studio 6.0/extensions/atmel/avrgcc/3.4.1.95/avrtoolchain/bin/../lib/gcc/avr/4.6.2/../../../../avr/lib/avr5/crtm32.o
 .bss           0x00800272        0x0 Buttons.o
 .bss           0x00800272        0x0 DIO.o
 .bss           0x00800272        0x0 EEPROM.o
 .bss           0x00800272        0x0 keypad.o
 .bss           0x00800272        0x0 LCD.o
 .bss           0x00800272        0x7 Control_sys.o
                0x00800272                counter
                0x00800273                guest_flag
                0x00800274                time_flag
                0x00800275                minutes
                0x00800276                seconds
                0x00800277                hours
                0x00800278                data_room
 .bss           0x00800279        0x0 SPI.o
 .bss           0x00800279        0x0 Timers.o
 .bss           0x00800279        0x0 USART.o
 .bss           0x00800279        0x0 c:/program files (x86)/atmel/atmel studio 6.0/extensions/atmel/avrgcc/3.4.1.95/avrtoolchain/bin/../lib/gcc/avr/4.6.2/avr5\libgcc.a(_udivmodsi4.o)
 .bss           0x00800279        0x0 c:/program files (x86)/atmel/atmel studio 6.0/extensions/atmel/avrgcc/3.4.1.95/avrtoolchain/bin/../lib/gcc/avr/4.6.2/avr5\libgcc.a(_exit.o)
 .bss           0x00800279        0x0 c:/program files (x86)/atmel/atmel studio 6.0/extensions/atmel/avrgcc/3.4.1.95/avrtoolchain/bin/../lib/gcc/avr/4.6.2/avr5\libgcc.a(_copy_data.o)
 .bss           0x00800279        0x0 c:/program files (x86)/atmel/atmel studio 6.0/extensions/atmel/avrgcc/3.4.1.95/avrtoolchain/bin/../lib/gcc/avr/4.6.2/avr5\libgcc.a(_clear_bss.o)
 *(.bss*)
 *(COMMON)
                0x00800279                PROVIDE (__bss_end, .)
                0x00001dc6                __data_load_start = LOADADDR (.data)
                0x00001fd8                __data_load_end = (__data_load_start + SIZEOF (.data))

.noinit         0x00800279        0x0
                0x00800279                PROVIDE (__noinit_start, .)
 *(.noinit*)
                0x00800279                PROVIDE (__noinit_end, .)
                0x00800279                _end = .
                0x00800279                PROVIDE (__heap_start, .)

.eeprom         0x00810000        0x0
 *(.eeprom*)
                0x00810000                __eeprom_end = .

.fuse
 *(.fuse)
 *(.lfuse)
 *(.hfuse)
 *(.efuse)

.lock
 *(.lock*)

.signature
 *(.signature*)

.stab           0x00000000      0x6cc
 *(.stab)
 .stab          0x00000000      0x6cc c:/program files (x86)/atmel/atmel studio 6.0/extensions/atmel/avrgcc/3.4.1.95/avrtoolchain/bin/../lib/gcc/avr/4.6.2/../../../../avr/lib/avr5/crtm32.o

.stabstr        0x00000000       0x85
 *(.stabstr)
 .stabstr       0x00000000       0x85 c:/program files (x86)/atmel/atmel studio 6.0/extensions/atmel/avrgcc/3.4.1.95/avrtoolchain/bin/../lib/gcc/avr/4.6.2/../../../../avr/lib/avr5/crtm32.o

.stab.excl
 *(.stab.excl)

.stab.exclstr
 *(.stab.exclstr)

.stab.index
 *(.stab.index)

.stab.indexstr
 *(.stab.indexstr)

.comment
 *(.comment)

.debug
 *(.debug)

.line
 *(.line)

.debug_srcinfo
 *(.debug_srcinfo)

.debug_sfnames
 *(.debug_sfnames)

.debug_aranges  0x00000000      0x1a0
 *(.debug_aranges)
 .debug_aranges
                0x00000000       0x20 Buttons.o
 .debug_aranges
                0x00000020       0x20 DIO.o
 .debug_aranges
                0x00000040       0x20 EEPROM.o
 .debug_aranges
                0x00000060       0x20 keypad.o
 .debug_aranges
                0x00000080       0x20 LCD.o
 .debug_aranges
                0x000000a0       0x20 Control_sys.o
 .debug_aranges
                0x000000c0       0x20 SPI.o
 .debug_aranges
                0x000000e0       0x20 Timers.o
 .debug_aranges
                0x00000100       0x20 USART.o
 .debug_aranges
                0x00000120       0x20 c:/program files (x86)/atmel/atmel studio 6.0/extensions/atmel/avrgcc/3.4.1.95/avrtoolchain/bin/../lib/gcc/avr/4.6.2/avr5\libgcc.a(_udivmodsi4.o)
 .debug_aranges
                0x00000140       0x20 c:/program files (x86)/atmel/atmel studio 6.0/extensions/atmel/avrgcc/3.4.1.95/avrtoolchain/bin/../lib/gcc/avr/4.6.2/avr5\libgcc.a(_exit.o)
 .debug_aranges
                0x00000160       0x20 c:/program files (x86)/atmel/atmel studio 6.0/extensions/atmel/avrgcc/3.4.1.95/avrtoolchain/bin/../lib/gcc/avr/4.6.2/avr5\libgcc.a(_copy_data.o)
 .debug_aranges
                0x00000180       0x20 c:/program files (x86)/atmel/atmel studio 6.0/extensions/atmel/avrgcc/3.4.1.95/avrtoolchain/bin/../lib/gcc/avr/4.6.2/avr5\libgcc.a(_clear_bss.o)

.debug_pubnames
 *(.debug_pubnames)

.debug_info     0x00000000     0x2c8f
 *(.debug_info)
 .debug_info    0x00000000       0xef Buttons.o
 .debug_info    0x000000ef      0x2d5 DIO.o
 .debug_info    0x000003c4       0xdd EEPROM.o
 .debug_info    0x000004a1       0xc3 keypad.o
 .debug_info    0x00000564      0x473 LCD.o
 .debug_info    0x000009d7     0x1ae4 Control_sys.o
 .debug_info    0x000024bb      0x1bd SPI.o
 .debug_info    0x00002678       0xe1 Timers.o
 .debug_info    0x00002759      0x1c2 USART.o
 .debug_info    0x0000291b       0xdd c:/program files (x86)/atmel/atmel studio 6.0/extensions/atmel/avrgcc/3.4.1.95/avrtoolchain/bin/../lib/gcc/avr/4.6.2/avr5\libgcc.a(_udivmodsi4.o)
 .debug_info    0x000029f8       0xdd c:/program files (x86)/atmel/atmel studio 6.0/extensions/atmel/avrgcc/3.4.1.95/avrtoolchain/bin/../lib/gcc/avr/4.6.2/avr5\libgcc.a(_exit.o)
 .debug_info    0x00002ad5       0xdd c:/program files (x86)/atmel/atmel studio 6.0/extensions/atmel/avrgcc/3.4.1.95/avrtoolchain/bin/../lib/gcc/avr/4.6.2/avr5\libgcc.a(_copy_data.o)
 .debug_info    0x00002bb2       0xdd c:/program files (x86)/atmel/atmel studio 6.0/extensions/atmel/avrgcc/3.4.1.95/avrtoolchain/bin/../lib/gcc/avr/4.6.2/avr5\libgcc.a(_clear_bss.o)
 *(.gnu.linkonce.wi.*)

.debug_abbrev   0x00000000      0x98a
 *(.debug_abbrev)
 .debug_abbrev  0x00000000       0x82 Buttons.o
 .debug_abbrev  0x00000082       0xcf DIO.o
 .debug_abbrev  0x00000151       0x83 EEPROM.o
 .debug_abbrev  0x000001d4       0x88 keypad.o
 .debug_abbrev  0x0000025c      0x145 LCD.o
 .debug_abbrev  0x000003a1      0x2ea Control_sys.o
 .debug_abbrev  0x0000068b      0x130 SPI.o
 .debug_abbrev  0x000007bb       0x4a Timers.o
 .debug_abbrev  0x00000805      0x135 USART.o
 .debug_abbrev  0x0000093a       0x14 c:/program files (x86)/atmel/atmel studio 6.0/extensions/atmel/avrgcc/3.4.1.95/avrtoolchain/bin/../lib/gcc/avr/4.6.2/avr5\libgcc.a(_udivmodsi4.o)
 .debug_abbrev  0x0000094e       0x14 c:/program files (x86)/atmel/atmel studio 6.0/extensions/atmel/avrgcc/3.4.1.95/avrtoolchain/bin/../lib/gcc/avr/4.6.2/avr5\libgcc.a(_exit.o)
 .debug_abbrev  0x00000962       0x14 c:/program files (x86)/atmel/atmel studio 6.0/extensions/atmel/avrgcc/3.4.1.95/avrtoolchain/bin/../lib/gcc/avr/4.6.2/avr5\libgcc.a(_copy_data.o)
 .debug_abbrev  0x00000976       0x14 c:/program files (x86)/atmel/atmel studio 6.0/extensions/atmel/avrgcc/3.4.1.95/avrtoolchain/bin/../lib/gcc/avr/4.6.2/avr5\libgcc.a(_clear_bss.o)

.debug_line     0x00000000     0x1244
 *(.debug_line)
 .debug_line    0x00000000       0x43 Buttons.o
 .debug_line    0x00000043      0x154 DIO.o
 .debug_line    0x00000197       0xe2 EEPROM.o
 .debug_line    0x00000279       0x5c keypad.o
 .debug_line    0x000002d5      0x226 LCD.o
 .debug_line    0x000004fb      0x6af Control_sys.o
 .debug_line    0x00000baa      0x1a4 SPI.o
 .debug_line    0x00000d4e      0x10f Timers.o
 .debug_line    0x00000e5d      0x198 USART.o
 .debug_line    0x00000ff5       0xa8 c:/program files (x86)/atmel/atmel studio 6.0/extensions/atmel/avrgcc/3.4.1.95/avrtoolchain/bin/../lib/gcc/avr/4.6.2/avr5\libgcc.a(_udivmodsi4.o)
 .debug_line    0x0000109d       0x88 c:/program files (x86)/atmel/atmel studio 6.0/extensions/atmel/avrgcc/3.4.1.95/avrtoolchain/bin/../lib/gcc/avr/4.6.2/avr5\libgcc.a(_exit.o)
 .debug_line    0x00001125       0x91 c:/program files (x86)/atmel/atmel studio 6.0/extensions/atmel/avrgcc/3.4.1.95/avrtoolchain/bin/../lib/gcc/avr/4.6.2/avr5\libgcc.a(_copy_data.o)
 .debug_line    0x000011b6       0x8e c:/program files (x86)/atmel/atmel studio 6.0/extensions/atmel/avrgcc/3.4.1.95/avrtoolchain/bin/../lib/gcc/avr/4.6.2/avr5\libgcc.a(_clear_bss.o)

.debug_frame    0x00000000      0x730
 *(.debug_frame)
 .debug_frame   0x00000000       0x44 Buttons.o
 .debug_frame   0x00000044       0xb4 DIO.o
 .debug_frame   0x000000f8       0x34 EEPROM.o
 .debug_frame   0x0000012c       0x4c keypad.o
 .debug_frame   0x00000178       0xa8 LCD.o
 .debug_frame   0x00000220      0x3c4 Control_sys.o
 .debug_frame   0x000005e4       0x78 SPI.o
 .debug_frame   0x0000065c       0x74 Timers.o
 .debug_frame   0x000006d0       0x60 USART.o

.debug_str      0x00000000      0x699
 *(.debug_str)
 .debug_str     0x00000000       0xb8 Buttons.o
 .debug_str     0x000000b8       0xed DIO.o
                                0x1a9 (size before relaxing)
 .debug_str     0x000001a5       0x57 EEPROM.o
                                0x116 (size before relaxing)
 .debug_str     0x000001fc       0x8b keypad.o
                                 0xa9 (size before relaxing)
 .debug_str     0x00000287       0xc0 LCD.o
                                0x19c (size before relaxing)
 .debug_str     0x00000347      0x1fb Control_sys.o
                                0x348 (size before relaxing)
 .debug_str     0x00000542       0x6d SPI.o
                                0x18d (size before relaxing)
 .debug_str     0x000005af       0x91 Timers.o
                                0x155 (size before relaxing)
 .debug_str     0x00000640       0x59 USART.o
                                0x196 (size before relaxing)

.debug_loc      0x00000000     0x1d2c
 *(.debug_loc)
 .debug_loc     0x00000000       0x85 Buttons.o
 .debug_loc     0x00000085      0x593 DIO.o
 .debug_loc     0x00000618       0x24 EEPROM.o
 .debug_loc     0x0000063c      0x10e keypad.o
 .debug_loc     0x0000074a      0x160 LCD.o
 .debug_loc     0x000008aa     0x12c7 Control_sys.o
 .debug_loc     0x00001b71       0xfe SPI.o
 .debug_loc     0x00001c6f       0xbd USART.o

.debug_macinfo
 *(.debug_macinfo)
OUTPUT(Control_sys.elf elf32-avr)
LOAD linker stubs

.debug_ranges   0x00000000       0xf0
 .debug_ranges  0x00000000       0xf0 Control_sys.o
